
> ghost-gear@0.1.0 build
> next build

Ôû▓ Next.js 16.1.1 (Turbopack)
- Environments: .env.local, .env

  Creating an optimized production build ...
Ô£ô Compiled successfully in 23.0s
  Skipping validation of types
  Collecting page data using 3 workers ...
[dotenv@17.2.3] injecting env (0) from .env -- tip: ­şùé´©Å backup and recover secrets: https://dotenvx.com/ops
[dotenv@17.2.3] injecting env (0) from .env -- tip: ÔÜÖ´©Å  suppress all logs with { quiet: true }
[dotenv@17.2.3] injecting env (0) from .env -- tip: ÔÜÖ´©Å  override existing env vars with { override: true }
[dotenv@17.2.3] injecting env (0) from .env -- tip: ÔÜÖ´©Å  enable debug logging with { debug: true }
[dotenv@17.2.3] injecting env (0) from .env -- tip: ­şöä add secrets lifecycle management: https://dotenvx.com/ops
  Generating static pages using 3 workers (0/85) ...
node.exe : Error occurred prerendering page "
/404". Read more: https://nextjs.org/docs/mes
sages/prerender-error
At line:1 char:1
+ & "C:\Program Files\nodejs/node.exe" "C:\Pr
ogram Files\nodejs/node_mo ...
+ ~~~~~~~~~~~~~~~~~~~~~~~~~~~~~~~~~~~~~~~~~~~
~~~~~~~~~~~~~~~~~~~~~~~~~~
    + CategoryInfo          : NotSpecified:  
   (Error occurred ...prerender-error:Strin  
  g) [], RemoteException
    + FullyQualifiedErrorId : NativeCommandE 
   rror
 
Error [PageNotFoundError]: Cannot find module
 for page: /_document
    at ignore-listed frames {
  code: 'ENOENT'
}
Export encountered an error on /_error: /404,
 exiting the build.
Ô¿» Next.js build worker exited with code: 1 
and signal: null
