
> ghost-gear@0.1.0 build
> next build

Ôû▓ Next.js 16.1.1 (Turbopack)
- Environments: .env.local, .env

  Creating an optimized production build ...
Ô£ô Compiled successfully in 22.9s
  Skipping validation of types
  Collecting page data using 3 workers ...
[dotenv@17.2.3] injecting env (0) from .env -- tip: ­şøá´©Å  run anywhere with `dotenvx run -- yourcommand`
[dotenv@17.2.3] injecting env (0) from .env -- tip: ÔÜÖ´©Å  load multiple .env files with { path: ['.env.local', '.env'] }
[dotenv@17.2.3] injecting env (0) from .env -- tip: ­şöæ add access controls to secrets: https://dotenvx.com/ops
[dotenv@17.2.3] injecting env (0) from .env -- tip: ­şôí add observability to secrets: https://dotenvx.com/ops
[dotenv@17.2.3] injecting env (0) from .env -- tip: ÔÜÖ´©Å  specify custom .env file path with { path: '/custom/path/.env' }
[dotenv@17.2.3] injecting env (0) from .env -- tip: ÔÜÖ´©Å  override existing env vars with { override: true }
  Generating static pages using 3 workers (0/85) ...
  Generating static pages using 3 workers (21/85) 
  Generating static pages using 3 workers (42/85) 
node.exe : Error oc
curred prerendering
 page "/admin". Rea
d more: https://nex
tjs.org/docs/messag
es/prerender-error
At line:1 char:1
+ & "C:\Program Fil
es\nodejs/node.exe"
 "C:\Program Files\
nodejs/node_mo ...
+ ~~~~~~~~~~~~~~~~~
~~~~~~~~~~~~~~~~~~~
~~~~~~~~~~~~~~~~~~~
~~~~~~~~~~~~~~
    + CategoryInfo 
             : No  
  tSpecified: (E   
 rror occurred     
...prerender-e    r
ror:String) [    ],
 RemoteExcep    tio
n
    + FullyQualifi 
   edErrorId : Na  
  tiveCommandErr   
 or
 
Error: useNotificat
ions must be used w
ithin NotificationP
rovider
    at <unknown> (C
:\Users\MotoCraft\.
gemini\antigravity\
scratch\moto-asista
n\.next\server\chun
ks\ssr\[root-of-the
-server]__db9535d4.
_.js:1:561)
    at e (C:\Users\
MotoCraft\.gemini\a
ntigravity\scratch\
moto-asistan\.next\
server\chunks\ssr\[
root-of-the-server]
__db9535d4._.js:1:7
95) {
  digest: '16825332
34'
}
Export encountered 
an error on /admin/
page: /admin, exiti
ng the build.
Ô¿» Next.js build w
orker exited with c
ode: 1 and signal: 
null
